[    0.000000] Initializing cgroup subsys cpuset
[    0.000000] Initializing cgroup subsys cpu
[    0.000000] Initializing cgroup subsys cpuacct
[    0.000000] Linux version 4.4.0-210-generic (buildd@lgw01-amd64-009) (gcc version 5.4.0 20160609 (Ubuntu 5.4.0-6ubuntu1~16.04.12) ) #242-Ubuntu SMP Fri Apr 16 09:57:56 UTC 2021 (Ubuntu 4.4.0-210.242-generic 4.4.262)
[    0.000000] Command line: BOOT_IMAGE=/boot/vmlinuz-4.4.0-210-generic root=LABEL=cloudimg-rootfs ro console=tty1 console=ttyS0
[    0.000000] KERNEL supported cpus:
[    0.000000]   Intel GenuineIntel
[    0.000000]   AMD AuthenticAMD
[    0.000000]   Centaur CentaurHauls
[    0.000000] [Firmware Bug]: TSC doesn't count with P0 frequency!
[    0.000000] x86/fpu: xstate_offset[2]:  576, xstate_sizes[2]:  256
[    0.000000] x86/fpu: Supporting XSAVE feature 0x01: 'x87 floating point registers'
[    0.000000] x86/fpu: Supporting XSAVE feature 0x02: 'SSE registers'
[    0.000000] x86/fpu: Supporting XSAVE feature 0x04: 'AVX registers'
[    0.000000] x86/fpu: Enabled xstate features 0x7, context size is 832 bytes, using 'standard' format.
[    0.000000] e820: BIOS-provided physical RAM map:
[    0.000000] BIOS-e820: [mem 0x0000000000000000-0x000000000009fbff] usable
[    0.000000] BIOS-e820: [mem 0x000000000009fc00-0x000000000009ffff] reserved
[    0.000000] BIOS-e820: [mem 0x00000000000f0000-0x00000000000fffff] reserved
[    0.000000] BIOS-e820: [mem 0x0000000000100000-0x000000003ffeffff] usable
[    0.000000] BIOS-e820: [mem 0x000000003fff0000-0x000000003fffffff] ACPI data
[    0.000000] BIOS-e820: [mem 0x00000000fec00000-0x00000000fec00fff] reserved
[    0.000000] BIOS-e820: [mem 0x00000000fee00000-0x00000000fee00fff] reserved
[    0.000000] BIOS-e820: [mem 0x00000000fffc0000-0x00000000ffffffff] reserved
[    0.000000] NX (Execute Disable) protection: active
[    0.000000] SMBIOS 2.5 present.
[    0.000000] Hypervisor detected: KVM
[    0.000000] Kernel/User page tables isolation: disabled
[    0.000000] e820: last_pfn = 0x3fff0 max_arch_pfn = 0x400000000
[    0.000000] MTRR: Disabled
[    0.000000] x86/PAT: MTRRs disabled, skipping PAT initialization too.
[    0.000000] CPU MTRRs all blank - virtualized system.
[    0.000000] x86/PAT: Configuration [0-7]: WB  WT  UC- UC  WB  WT  UC- UC  
[    0.000000] found SMP MP-table at [mem 0x0009fff0-0x0009ffff] mapped at [ffff88000009fff0]
[    0.000000] Scanning 1 areas for low memory corruption
[    0.000000] RAMDISK: [mem 0x362dc000-0x37165fff]
[    0.000000] ACPI: Early table checksum verification disabled
[    0.000000] ACPI: RSDP 0x00000000000E0000 000024 (v02 VBOX  )
[    0.000000] ACPI: XSDT 0x000000003FFF0030 00003C (v01 VBOX   VBOXXSDT 00000001 ASL  00000061)
[    0.000000] ACPI: FACP 0x000000003FFF00F0 0000F4 (v04 VBOX   VBOXFACP 00000001 ASL  00000061)
[    0.000000] ACPI: DSDT 0x000000003FFF0470 002325 (v02 VBOX   VBOXBIOS 00000002 INTL 20100528)
[    0.000000] ACPI: FACS 0x000000003FFF0200 000040
[    0.000000] ACPI: FACS 0x000000003FFF0200 000040
[    0.000000] ACPI: APIC 0x000000003FFF0240 00005C (v02 VBOX   VBOXAPIC 00000001 ASL  00000061)
[    0.000000] ACPI: SSDT 0x000000003FFF02A0 0001CC (v01 VBOX   VBOXCPUT 00000002 INTL 20100528)
[    0.000000] No NUMA configuration found
[    0.000000] Faking a node at [mem 0x0000000000000000-0x000000003ffeffff]
[    0.000000] NODE_DATA(0) allocated [mem 0x3ffeb000-0x3ffeffff]
[    0.000000] kvm-clock: Using msrs 4b564d01 and 4b564d00
[    0.000000] kvm-clock: cpu 0, msr 0:3ffe3001, primary cpu clock
[    0.000000] kvm-clock: using sched offset of 3622045942 cycles
[    0.000000] clocksource: kvm-clock: mask: 0xffffffffffffffff max_cycles: 0x1cd42e4dffb, max_idle_ns: 881590591483 ns
[    0.000000] Zone ranges:
[    0.000000]   DMA      [mem 0x0000000000001000-0x0000000000ffffff]
[    0.000000]   DMA32    [mem 0x0000000001000000-0x000000003ffeffff]
[    0.000000]   Normal   empty
[    0.000000]   Device   empty
[    0.000000] Movable zone start for each node
[    0.000000] Early memory node ranges
[    0.000000]   node   0: [mem 0x0000000000001000-0x000000000009efff]
[    0.000000]   node   0: [mem 0x0000000000100000-0x000000003ffeffff]
[    0.000000] Initmem setup node 0 [mem 0x0000000000001000-0x000000003ffeffff]
[    0.000000] ACPI: PM-Timer IO Port: 0x4008
[    0.000000] IOAPIC[0]: apic_id 2, version 32, address 0xfec00000, GSI 0-23
[    0.000000] ACPI: INT_SRC_OVR (bus 0 bus_irq 0 global_irq 2 dfl dfl)
[    0.000000] ACPI: INT_SRC_OVR (bus 0 bus_irq 9 global_irq 9 low level)
[    0.000000] Using ACPI (MADT) for SMP configuration information
[    0.000000] smpboot: Allowing 2 CPUs, 0 hotplug CPUs
[    0.000000] PM: Registered nosave memory: [mem 0x00000000-0x00000fff]
[    0.000000] PM: Registered nosave memory: [mem 0x0009f000-0x0009ffff]
[    0.000000] PM: Registered nosave memory: [mem 0x000a0000-0x000effff]
[    0.000000] PM: Registered nosave memory: [mem 0x000f0000-0x000fffff]
[    0.000000] e820: [mem 0x40000000-0xfebfffff] available for PCI devices
[    0.000000] Booting paravirtualized kernel on KVM
[    0.000000] clocksource: refined-jiffies: mask: 0xffffffff max_cycles: 0xffffffff, max_idle_ns: 7645519600211568 ns
[    0.000000] setup_percpu: NR_CPUS:512 nr_cpumask_bits:512 nr_cpu_ids:2 nr_node_ids:1
[    0.000000] PERCPU: Embedded 33 pages/cpu @ffff88003fc00000 s95192 r8192 d31784 u1048576
[    0.000000] Built 1 zonelists in Node order, mobility grouping on.  Total pages: 257912
[    0.000000] Policy zone: DMA32
[    0.000000] Kernel command line: BOOT_IMAGE=/boot/vmlinuz-4.4.0-210-generic root=LABEL=cloudimg-rootfs ro console=tty1 console=ttyS0
[    0.000000] PID hash table entries: 4096 (order: 3, 32768 bytes)
[    0.000000] Memory: 997792K/1048120K available (8644K kernel code, 1332K rwdata, 4044K rodata, 1492K init, 1164K bss, 50328K reserved, 0K cma-reserved)
[    0.000000] SLUB: HWalign=64, Order=0-3, MinObjects=0, CPUs=2, Nodes=1
[    0.000000] Hierarchical RCU implementation.
[    0.000000] 	Build-time adjustment of leaf fanout to 64.
[    0.000000] 	RCU restricting CPUs from NR_CPUS=512 to nr_cpu_ids=2.
[    0.000000] RCU: Adjusting geometry for rcu_fanout_leaf=64, nr_cpu_ids=2
[    0.000000] NR_IRQS:33024 nr_irqs:440 16
[    0.000000] Console: colour VGA+ 80x25
[    0.000000] console [tty1] enabled
[    0.000000] console [ttyS0] enabled
[    0.000000] tsc: Detected 2096.062 MHz processor
[    0.164633] Calibrating delay loop (skipped) preset value.. 4192.12 BogoMIPS (lpj=8384248)
[    0.166204] pid_max: default: 32768 minimum: 301
[    0.166984] ACPI: Core revision 20150930
[    0.168566] ACPI: 2 ACPI AML tables successfully acquired and loaded
[    0.169778] Security Framework initialized
[    0.170509] Yama: becoming mindful.
[    0.171159] AppArmor: AppArmor initialized
[    0.171936] Dentry cache hash table entries: 131072 (order: 8, 1048576 bytes)
[    0.173346] Inode-cache hash table entries: 65536 (order: 7, 524288 bytes)
[    0.178299] Mount-cache hash table entries: 2048 (order: 2, 16384 bytes)
[    0.179849] Mountpoint-cache hash table entries: 2048 (order: 2, 16384 bytes)
[    0.181226] Initializing cgroup subsys io
[    0.182162] Initializing cgroup subsys memory
[    0.183066] Initializing cgroup subsys devices
[    0.183838] Initializing cgroup subsys freezer
[    0.184589] Initializing cgroup subsys net_cls
[    0.185706] Initializing cgroup subsys perf_event
[    0.186482] Initializing cgroup subsys net_prio
[    0.187273] Initializing cgroup subsys hugetlb
[    0.188031] Initializing cgroup subsys pids
[    0.294150] mce: CPU supports 0 MCE banks
[    0.294927] Last level iTLB entries: 4KB 1024, 2MB 1024, 4MB 512
[    0.295867] Last level dTLB entries: 4KB 1536, 2MB 1536, 4MB 768, 1GB 0
[    0.296999] Spectre V1 : Mitigation: usercopy/swapgs barriers and __user pointer sanitization
[    0.298458] Spectre V2 : Spectre mitigation: LFENCE not serializing, switching to generic retpoline
[    0.300058] Spectre V2 : Mitigation: Full generic retpoline
[    0.301004] Spectre V2 : Spectre v2 / SpectreRSB mitigation: Filling RSB on context switch
[    0.304946] Freeing SMP alternatives memory: 36K
[    0.312057] ftrace: allocating 32380 entries in 127 pages
[    0.376827] smpboot: APIC(0) Converting physical 0 to logical package 0
[    0.378066] smpboot: Max logical packages: 1
[    0.379207] x2apic enabled
[    0.379978] Switched APIC routing to physical x2apic.
[    0.381850] ..TIMER: vector=0x30 apic1=0 pin1=2 apic2=-1 pin2=-1
[    0.491042] smpboot: CPU0: AMD Ryzen 5 3550H with Radeon Vega Mobile Gfx (family: 0x17, model: 0x18, stepping: 0x1)
[    0.493070] Performance Events: Broken PMU hardware detected, using software events only.
[    0.494655] Failed to access perfctr msr (MSR c0010007 is 0)
[    0.502145] KVM setup paravirtual spinlock
[    0.505478] x86: Booting SMP configuration:
[    0.506304] .... node  #0, CPUs:      #1
[    0.507473] kvm-clock: cpu 1, msr 0:3ffe3041, secondary cpu clock
[    0.613827] mce: CPU supports 0 MCE banks
[    0.617274] x86: Booted up 1 node, 2 CPUs
[    0.618540] smpboot: Total of 2 processors activated (8384.24 BogoMIPS)
[    0.621612] devtmpfs: initialized
[    0.624112] evm: security.selinux
[    0.624965] evm: security.SMACK64
[    0.625615] evm: security.SMACK64EXEC
[    0.626347] evm: security.SMACK64TRANSMUTE
[    0.627093] evm: security.SMACK64MMAP
[    0.627759] evm: security.ima
[    0.628310] evm: security.capability
[    0.633243] clocksource: jiffies: mask: 0xffffffff max_cycles: 0xffffffff, max_idle_ns: 7645041785100000 ns
[    0.635153] futex hash table entries: 512 (order: 3, 32768 bytes)
[    0.636384] pinctrl core: initialized pinctrl subsystem
[    0.637413] RTC time: 10:59:36, date: 04/18/23
[    0.639770] NET: Registered protocol family 16
[    0.651041] cpuidle: using governor ladder
[    0.660834] cpuidle: using governor menu
[    0.661684] PCCT header not found.
[    0.663231] ACPI: bus type PCI registered
[    0.664093] acpiphp: ACPI Hot Plug PCI Controller Driver version: 0.5
[    0.665358] PCI: Using configuration type 1 for base access
[    0.666426] PCI: Using configuration type 1 for extended access
[    0.678235] ACPI: Added _OSI(Module Device)
[    0.679909] ACPI: Added _OSI(Processor Device)
[    0.681256] ACPI: Added _OSI(3.0 _SCP Extensions)
[    0.683193] ACPI: Added _OSI(Processor Aggregator Device)
[    0.685113] ACPI: Executed 1 blocks of module-level executable AML code
[    0.688940] ACPI: Interpreter enabled
[    0.689954] ACPI: (supports S0 S5)
[    0.690816] ACPI: Using IOAPIC for interrupt routing
[    0.691873] PCI: Using host bridge windows from ACPI; if necessary, use "pci=nocrs" and report a bug
[    0.701345] ACPI: PCI Root Bridge [PCI0] (domain 0000 [bus 00-ff])
[    0.702425] acpi PNP0A03:00: _OSC: OS supports [ExtendedConfig ASPM ClockPM Segments MSI]
[    0.704353] acpi PNP0A03:00: _OSC: platform does not support [PCIeCapability]
[    0.706417] acpi PNP0A03:00: _OSC: not requesting control; platform does not support [PCIeCapability]
[    0.708083] acpi PNP0A03:00: _OSC: OS requested [PCIeHotplug PME AER PCIeCapability]
[    0.710215] acpi PNP0A03:00: _OSC: platform willing to grant [PCIeHotplug PME AER]
[    0.712467] acpi PNP0A03:00: _OSC failed (AE_SUPPORT); disabling ASPM
[    0.715289] PCI host bridge to bus 0000:00
[    0.716385] pci_bus 0000:00: root bus resource [io  0x0000-0x0cf7 window]
[    0.717709] pci_bus 0000:00: root bus resource [io  0x0d00-0xffff window]
[    0.718952] pci_bus 0000:00: root bus resource [mem 0x000a0000-0x000bffff window]
[    0.729799] pci_bus 0000:00: root bus resource [mem 0x40000000-0xfdffffff window]
[    0.731364] pci_bus 0000:00: root bus resource [bus 00-ff]
[    0.734070] pci 0000:00:01.1: legacy IDE quirk: reg 0x10: [io  0x01f0-0x01f7]
[    0.735249] pci 0000:00:01.1: legacy IDE quirk: reg 0x14: [io  0x03f6]
[    0.736321] pci 0000:00:01.1: legacy IDE quirk: reg 0x18: [io  0x0170-0x0177]
[    0.737491] pci 0000:00:01.1: legacy IDE quirk: reg 0x1c: [io  0x0376]
[    0.768288] pci 0000:00:07.0: quirk: [io  0x4000-0x403f] claimed by PIIX4 ACPI
[    0.769792] pci 0000:00:07.0: quirk: [io  0x4100-0x410f] claimed by PIIX4 SMB
[    0.787662] ACPI: PCI Interrupt Link [LNKA] (IRQs 5 9 10 *11)
[    0.789222] ACPI: PCI Interrupt Link [LNKB] (IRQs 5 9 *10 11)
[    0.790573] ACPI: PCI Interrupt Link [LNKC] (IRQs 5 *9 10 11)
[    0.792235] ACPI: PCI Interrupt Link [LNKD] (IRQs 5 9 10 *11)
[    0.793983] ACPI: Enabled 2 GPEs in block 00 to 07
[    0.795228] vgaarb: setting as boot device: PCI:0000:00:02.0
[    0.796159] vgaarb: device added: PCI:0000:00:02.0,decodes=io+mem,owns=io+mem,locks=none
[    0.797576] vgaarb: loaded
[    0.798152] vgaarb: bridge control possible 0000:00:02.0
[    0.799280] SCSI subsystem initialized
[    0.800178] ACPI: bus type USB registered
[    0.800972] usbcore: registered new interface driver usbfs
[    0.801883] usbcore: registered new interface driver hub
[    0.802811] usbcore: registered new device driver usb
[    0.804063] PCI: Using ACPI for IRQ routing
[    0.805141] NetLabel: Initializing
[    0.805808] NetLabel:  domain hash size = 128
[    0.806595] NetLabel:  protocols = UNLABELED CIPSOv4
[    0.807459] NetLabel:  unlabeled traffic allowed by default
[    0.808605] amd_nb: Cannot enumerate AMD northbridges
[    0.809545] clocksource: Switched to clocksource kvm-clock
[    0.823356] AppArmor: AppArmor Filesystem Enabled
[    0.824533] pnp: PnP ACPI init
[    0.826436] pnp: PnP ACPI: found 3 devices
[    0.836648] clocksource: acpi_pm: mask: 0xffffff max_cycles: 0xffffff, max_idle_ns: 2085701024 ns
[    0.838499] NET: Registered protocol family 2
[    0.839651] TCP established hash table entries: 8192 (order: 4, 65536 bytes)
[    0.840771] TCP bind hash table entries: 8192 (order: 5, 131072 bytes)
[    0.841827] TCP: Hash tables configured (established 8192 bind 8192)
[    0.846587] UDP hash table entries: 512 (order: 2, 16384 bytes)
[    0.847651] UDP-Lite hash table entries: 512 (order: 2, 16384 bytes)
[    0.848738] NET: Registered protocol family 1
[    0.849541] pci 0000:00:00.0: Limiting direct PCI/PCI transfers
[    0.850647] pci 0000:00:01.0: Activating ISA DMA hang workarounds
[    0.851829] Unpacking initramfs...
[    1.133038] Freeing initrd memory: 14888K
[    1.134568] clocksource: tsc: mask: 0xffffffffffffffff max_cycles: 0x1e36a88731c, max_idle_ns: 440795269020 ns
[    1.136649] platform rtc_cmos: registered platform RTC device (no PNP device found)
[    1.138291] Scanning for low memory corruption every 60 seconds
[    1.139695] audit: initializing netlink subsys (disabled)
[    1.140678] audit: type=2000 audit(1681815582.166:1): initialized
[    1.141911] Initialise system trusted keyring
[    1.143027] HugeTLB registered 2 MB page size, pre-allocated 0 pages
[    1.144966] zbud: loaded
[    1.146339] VFS: Disk quotas dquot_6.6.0
[    1.147791] VFS: Dquot-cache hash table entries: 512 (order 0, 4096 bytes)
[    1.149192] squashfs: version 4.0 (2009/01/31) Phillip Lougher
[    1.150496] fuse init (API version 7.23)
[    1.155410] Key type big_key registered
[    1.156269] Allocating IMA MOK and blacklist keyrings.
[    1.158976] Key type asymmetric registered
[    1.160091] Asymmetric key parser 'x509' registered
[    1.161382] Block layer SCSI generic (bsg) driver version 0.4 loaded (major 249)
[    1.163687] io scheduler noop registered
[    1.164688] io scheduler deadline registered (default)
[    1.166053] io scheduler cfq registered
[    1.167403] pci_hotplug: PCI Hot Plug PCI Core version: 0.5
[    1.168916] pciehp: PCI Express Hot Plug Controller Driver version: 0.4
[    1.170315] ACPI: AC Adapter [AC] (on-line)
[    1.171209] input: Power Button as /devices/LNXSYSTM:00/LNXPWRBN:00/input/input0
[    1.172746] ACPI: Power Button [PWRF]
[    1.173560] input: Sleep Button as /devices/LNXSYSTM:00/LNXSLPBN:00/input/input1
[    1.175088] ACPI: Sleep Button [SLPF]
[    1.176069] GHES: HEST is not enabled!
[    1.176588] ACPI: Battery Slot [BAT0] (battery present)
[    1.177882] Serial: 8250/16550 driver, 32 ports, IRQ sharing enabled
[    1.199803] 00:02: ttyS0 at I/O 0x3f8 (irq = 4, base_baud = 115200) is a 16550A
[    1.215550] Linux agpgart interface v0.103
[    1.218367] loop: module loaded
[    1.219986] scsi host0: ata_piix
[    1.220937] scsi host1: ata_piix
[    1.221706] ata1: PATA max UDMA/33 cmd 0x1f0 ctl 0x3f6 bmdma 0xd000 irq 14
[    1.223055] ata2: PATA max UDMA/33 cmd 0x170 ctl 0x376 bmdma 0xd008 irq 15
[    1.225122] libphy: Fixed MDIO Bus: probed
[    1.226194] tun: Universal TUN/TAP device driver, 1.6
[    1.227228] tun: (C) 1999-2004 Max Krasnyansky <maxk@qualcomm.com>
[    1.228492] PPP generic driver version 2.4.2
[    1.229430] ehci_hcd: USB 2.0 'Enhanced' Host Controller (EHCI) Driver
[    1.230594] ehci-pci: EHCI PCI platform driver
[    1.231523] ehci-platform: EHCI generic platform driver
[    1.232864] ohci_hcd: USB 1.1 'Open' Host Controller (OHCI) Driver
[    1.234651] ohci-pci: OHCI PCI platform driver
[    1.235849] ohci-platform: OHCI generic platform driver
[    1.237222] uhci_hcd: USB Universal Host Controller Interface driver
[    1.239092] i8042: PNP: PS/2 Controller [PNP0303:PS2K,PNP0f03:PS2M] at 0x60,0x64 irq 1,12
[    1.241438] serio: i8042 KBD port at 0x60,0x64 irq 1
[    1.242898] serio: i8042 AUX port at 0x60,0x64 irq 12
[    1.244495] mousedev: PS/2 mouse device common for all mice
[    1.246072] input: AT Translated Set 2 keyboard as /devices/platform/i8042/serio0/input/input2
[    1.247632] rtc_cmos rtc_cmos: rtc core: registered rtc_cmos as rtc0
[    1.248898] rtc_cmos rtc_cmos: alarms up to one day, 114 bytes nvram
[    1.250258] i2c /dev entries driver
[    1.251038] device-mapper: uevent: version 1.0.3
[    1.252058] device-mapper: ioctl: 4.34.0-ioctl (2015-10-28) initialised: dm-devel@redhat.com
[    1.253742] ledtrig-cpu: registered to indicate activity on CPUs
[    1.255955] NET: Registered protocol family 10
[    1.257541] NET: Registered protocol family 17
[    1.258829] Key type dns_resolver registered
[    1.260384] registered taskstats version 1
[    1.261202] Loading compiled-in X.509 certificates
[    1.262768] Loaded X.509 cert 'Build time autogenerated kernel key: cf00e047681d67edb2720680708b7d9498083038'
[    1.264488] zswap: loaded using pool lzo/zbud
[    1.267494] Key type trusted registered
[    1.272394] Key type encrypted registered
[    1.273229] AppArmor: AppArmor sha1 policy hashing enabled
[    1.274520] ima: No TPM chip found, activating TPM-bypass!
[    1.275546] ima: Allocated hash algorithm: sha1
[    1.276368] evm: HMAC attrs: 0x1
[    1.277376]   Magic number: 3:841:982
[    1.278161] rtc_cmos rtc_cmos: setting system clock to 2023-04-18 10:59:36 UTC (1681815576)
[    1.279720] BIOS EDD facility v0.16 2004-Jun-25, 0 devices found
[    1.280872] EDD information not available.
[    1.402898] Freeing unused kernel memory: 1492K
[    1.404011] Write protecting the kernel read-only data: 14336k
[    1.405914] Freeing unused kernel memory: 1584K
[    1.406840] Freeing unused kernel memory: 52K
Loading, please wait...
starting version 229
[    1.421641] random: systemd-udevd: uninitialized urandom read (16 bytes read, 3 bits of entropy available)
[    1.422609] random: udevadm: uninitialized urandom read (16 bytes read, 3 bits of entropy available)
[    1.422702] random: udevadm: uninitialized urandom read (16 bytes read, 3 bits of entropy available)
[    1.426977] random: systemd-udevd: uninitialized urandom read (16 bytes read, 3 bits of entropy available)
[    1.428671] random: systemd-udevd: uninitialized urandom read (16 bytes read, 3 bits of entropy available)
[    1.430428] random: systemd-udevd: uninitialized urandom read (16 bytes read, 3 bits of entropy available)
[    1.430544] random: udevadm: uninitialized urandom read (16 bytes read, 3 bits of entropy available)
[    1.430657] random: udevadm: uninitialized urandom read (16 bytes read, 3 bits of entropy available)
[    1.430843] random: udevadm: uninitialized urandom read (16 bytes read, 3 bits of entropy available)
[    1.430959] random: udevadm: uninitialized urandom read (16 bytes read, 3 bits of entropy available)
[    1.574585] e1000: Intel(R) PRO/1000 Network Driver - version 7.3.21-k8-NAPI
[    1.576079] e1000: Copyright (c) 1999-2006 Intel Corporation.
[    1.577424] Fusion MPT base driver 3.04.20
[    1.578235] Copyright (c) 1999-2008 LSI Corporation
[    1.583183] Fusion MPT SPI Host driver 3.04.20
[    1.627565] AVX2 version of gcm_enc/dec engaged.
[    1.628515] AES CTR mode by8 optimization enabled
[    1.795536] input: ImExPS/2 Generic Explorer Mouse as /devices/platform/i8042/serio1/input/input4
[    1.946942] e1000 0000:00:03.0 eth0: (PCI:33MHz:32-bit) 02:be:82:6b:cc:1d
[    1.948498] e1000 0000:00:03.0 eth0: Intel(R) PRO/1000 Network Connection
[    2.309670] e1000 0000:00:08.0 eth1: (PCI:33MHz:32-bit) 08:00:27:8a:25:10
[    2.310904] e1000 0000:00:08.0 eth1: Intel(R) PRO/1000 Network Connection
[    2.312659] mptbase: ioc0: Initiating bringup
[    2.315419] e1000 0000:00:03.0 enp0s3: renamed from eth0
[    2.334446] e1000 0000:00:08.0 enp0s8: renamed from eth1
[    2.373835] ioc0: LSI53C1030 A0: Capabilities={Initiator}
[    2.535413] scsi host2: ioc0: LSI53C1030 A0, FwRev=00000000h, Ports=1, MaxQ=256, IRQ=20
[    2.650169] scsi 2:0:0:0: Direct-Access     VBOX     HARDDISK         1.0  PQ: 0 ANSI: 5
[    2.659977] scsi target2:0:0: Beginning Domain Validation
[    2.662407] scsi target2:0:0: Domain Validation skipping write tests
[    2.663650] scsi target2:0:0: Ending Domain Validation
[    2.664734] scsi target2:0:0: asynchronous
[    2.665905] scsi 2:0:1:0: Direct-Access     VBOX     HARDDISK         1.0  PQ: 0 ANSI: 5
[    2.667304] scsi target2:0:1: Beginning Domain Validation
[    2.669255] scsi target2:0:1: Domain Validation skipping write tests
[    2.670462] scsi target2:0:1: Ending Domain Validation
[    2.671436] scsi target2:0:1: asynchronous
[    2.679029] sd 2:0:0:0: Attached scsi generic sg0 type 0
[    2.679331] sd 2:0:0:0: [sda] 83886080 512-byte logical blocks: (42.9 GB/40.0 GiB)
[    2.679453] sd 2:0:0:0: [sda] Write Protect is off
[    2.679516] sd 2:0:0:0: [sda] Incomplete mode parameter data
[    2.679517] sd 2:0:0:0: [sda] Assuming drive cache: write through
[    2.680685]  sda: sda1
[    2.682180] sd 2:0:0:0: [sda] Attached SCSI disk
[    2.685848] sd 2:0:1:0: Attached scsi generic sg1 type 0
[    2.687311] sd 2:0:1:0: [sdb] 20480 512-byte logical blocks: (10.5 MB/10.0 MiB)
[    2.689887] sd 2:0:1:0: [sdb] Write Protect is off
[    2.691722] sd 2:0:1:0: [sdb] Incomplete mode parameter data
[    2.693126] sd 2:0:1:0: [sdb] Assuming drive cache: write through
[    2.698464] sd 2:0:1:0: [sdb] Attached SCSI disk
Begin: Loading essential drivers ... [    4.025194] md: linear personality registered for level -1
[    4.028241] md: multipath personality registered for level -4
[    4.031239] md: raid0 personality registered for level 0
[    4.036522] md: raid1 personality registered for level 1
[    4.109891] raid6: sse2x1   gen()  7610 MB/s
[    4.178054] raid6: sse2x1   xor()  6855 MB/s
[    4.246234] raid6: sse2x2   gen() 14389 MB/s
[    4.313905] raid6: sse2x2   xor()  9526 MB/s
[    4.382001] raid6: sse2x4   gen() 15693 MB/s
[    4.450220] raid6: sse2x4   xor()  7334 MB/s
[    4.521164] raid6: avx2x1   gen() 15811 MB/s
[    4.590188] raid6: avx2x2   gen() 18760 MB/s
[    4.657569] raid6: avx2x4   gen() 20352 MB/s
[    4.658400] raid6: using algorithm avx2x4 gen() 20352 MB/s
[    4.659358] raid6: using avx2x2 recovery algorithm
[    4.661708] xor: automatically using best checksumming function:
[    4.801205]    avx       : 47161.000 MB/sec
[    4.803242] async_tx: api initialized (async)
[    4.812558] md: raid6 personality registered for level 6
[    4.814587] md: raid5 personality registered for level 5
[    4.815793] md: raid4 personality registered for level 4
[    4.822766] md: raid10 personality registered for level 10
done.
Begin: Running /scripts/init-premount ... done.
Begin: Mounting root file system ... Begin: Running /scripts/local-top ... done.
Begin: Running /scripts/local-premount ... [    4.853284] Btrfs loaded
Scanning for Btrfs filesystems
done.
Warning: fsck not present, so skipping root file system
[    4.882417] EXT4-fs (sda1): mounted filesystem with ordered data mode. Opts: (null)
done.
Begin: Running /scripts/local-bottom ... done.
Begin: Running /scripts/init-bottom ... done.
[    4.982107] systemd[1]: systemd 229 running in system mode. (+PAM +AUDIT +SELINUX +IMA +APPARMOR +SMACK +SYSVINIT +UTMP +LIBCRYPTSETUP +GCRYPT +GNUTLS +ACL +XZ -LZ4 +SECCOMP +BLKID +ELFUTILS +KMOD -IDN)
[    4.984974] systemd[1]: Detected virtualization oracle.
[    4.985857] systemd[1]: Detected architecture x86-64.

Welcome to [1mUbuntu 16.04.7 LTS[0m!

[    4.989410] systemd[1]: Set hostname to <ubuntu>.
[    4.992751] systemd[1]: Initializing machine ID from random generator.
[    4.994205] systemd[1]: Installed transient /etc/machine-id file.
[    5.131739] systemd[1]: Listening on Journal Socket.
[[0;32m  OK  [0m] Listening on Journal Socket.
[    5.134115] systemd[1]: Listening on Device-mapper event daemon FIFOs.
[[0;32m  OK  [0m] Listening on Device-mapper event daemon FIFOs.
[    5.136218] systemd[1]: Listening on LVM2 poll daemon socket.
[[0;32m  OK  [0m] Listening on LVM2 poll daemon socket.
[    5.138429] systemd[1]: Listening on /dev/initctl Compatibility Named Pipe.
[[0;32m  OK  [0m] Listening on /dev/initctl Compatibility Named Pipe.
[    5.140680] systemd[1]: Listening on udev Kernel Socket.
[[0;32m  OK  [0m] Listening on udev Kernel Socket.
[    5.142708] systemd[1]: Reached target Encrypted Volumes.
[[0;32m  OK  [0m] Reached target Encrypted Volumes.
[    5.144860] systemd[1]: Started Trigger resolvconf update for networkd DNS.
[[0;32m  OK  [0m] Started Trigger resolvconf update for networkd DNS.
[    5.147130] systemd[1]: Listening on Syslog Socket.
[[0;32m  OK  [0m] Listening on Syslog Socket.
[    5.148802] systemd[1]: Listening on udev Control Socket.
[[0;32m  OK  [0m] Listening on udev Control Socket.
[    5.150742] systemd[1]: Listening on LVM2 metadata daemon socket.
[[0;32m  OK  [0m] Listening on LVM2 metadata daemon socket.
[    5.152953] systemd[1]: Created slice System Slice.
[[0;32m  OK  [0m] Created slice System Slice.
[    5.154961] systemd[1]: Created slice system-serial\x2dgetty.slice.
[[0;32m  OK  [0m] Created slice system-serial\x2dgetty.slice.
[    5.178478] systemd[1]: Starting Create list of required static device nodes for the current kernel...
         Starting Create list of required st... nodes for the current kernel...
[    5.183681] systemd[1]: Starting Nameserver information manager...
         Starting Nameserver information manager...
[    5.187763] systemd[1]: Starting Load Kernel Modules...
         Starting Load Kernel Modules...
[    5.190350] systemd[1]: Starting Uncomplicated firewall...
         Starting Uncomplicated firewall...
[    5.192293] systemd[1]: Listening on fsck to fsckd communication Socket.
[[0;32m  OK  [0m] Listening on fsck to fsckd communication Socket.
[    5.195547] systemd[1]: Mounting POSIX Message Queue File System...
         Mounting POSIX Message Queue File System...
[    5.205054] Loading iSCSI transport class v2.0-870.
[    5.206776] systemd[1]: Starting Set console keymap...
         Starting Set console keymap...
[    5.209661] systemd[1]: Mounting Debug File System...
         Mounting Debug File System...
[    5.211838] systemd[1]: Mounting Huge Pages File System...
         Mounting Huge Pages File System...
[    5.213786] systemd[1]: Reached target User and Group Name Lookups.
[[0;32m  OK  [0m] Reached target User and Group Name Lookups.
[    5.215856] systemd[1]: Listening on Journal Socket (/dev/log).
[[0;32m  OK  [0m] Listening on Journal Socket (/dev/log).
[    5.217792] systemd[1]: Listening on Journal Audit Socket.
[[0;32m  OK  [0m] Listening on Journal Audit Socket.
[    5.220345] systemd[1]: Starting Journal Service...
         Starting Journal Service...
[    5.222014] systemd[1]: Reached target Swap.
[[0;32m  OK  [0m] Reached target Swap.
[    5.223733] systemd[1]: Set up automount Arbitrary Executable File Formats File System Automount Point.
[[0;32m  OK  [0m] Set up automount Arbitrary Executab...ats File System Automount Point.
[    5.227871] systemd[1]: Reached target System Time Synchronized.
[[0;32m  OK  [0m] Reached target System Time Synchronized.
[    5.230490] systemd[1]: Starting File System Check on Root Device...
         Starting File System Check on Root Device...
[    5.234709] systemd[1]: Started Forward Password Requests to Wall Directory Watch.
[[0;32m  OK  [0m] Started Forward Password Requests to Wall Directory Watch.
[    5.237573] systemd[1]: Created slice User and Session Slice.
[[0;32m  OK  [0m] Created slice User and Session Slice.
[    5.240015] systemd[1]: Reached target Slices.
[[0;32m  OK  [0m] Reached target Slices.
[    5.242226] systemd[1]: Starting Monitoring of LVM2 mirrors, snapshots etc. using dmeventd or progress polling...
         Starting Monitoring of LVM2 mirrors... dmeventd or progress polling...
[    5.276227] iscsi: registered transport (tcp)
[    5.294391] systemd[1]: Mounted Huge Pages File System.
[[0;32m  OK  [0m] Mounted Huge Pages File System.
[    5.296222] systemd[1]: Mounted POSIX Message Queue File System.
[[0;32m  OK  [0m] Mounted POSIX Message Queue File System.
[    5.298472] systemd[1]: Mounted Debug File System.
[[0;32m  OK  [0m] Mounted Debug File System.
[    5.300663] systemd[1]: Started Create list of required static device nodes for the current kernel.
[[0;32m  OK  [0m] Started Create list of required sta...ce nodes for the current kernel.
[    5.305443] systemd[1]: Started Uncomplicated firewall.
[[0;32m  OK  [0m] Started Uncomplicated firewall.
[    5.310033] systemd[1]: Started Set console keymap.
[[0;32m  OK  [0m] Started Set console keymap.
[    5.314182] systemd[1]: Started File System Check on Root Device.
[[0;32m  OK  [0m] Started File System Check on Root Device.
[    5.322363] iscsi: registered transport (iser)
[    5.329938] systemd[1]: Started Nameserver information manager.
[[0;32m  OK  [0m] Started Nameserver information manager.
[    5.332703] systemd[1]: Started Load Kernel Modules.
[[0;32m  OK  [0m] Started Load Kernel Modules.
[    5.338047] systemd[1]: Started Journal Service.
[[0;32m  OK  [0m] Started Journal Service.
[[0;32m  OK  [0m] Started File System Check Daemon to report status.
[[0;32m  OK  [0m] Started LVM2 metadata daemon.
         Mounting FUSE Control File System...
         Starting Apply Kernel Variables...
         Starting Remount Root and Kernel File Systems...
         Starting Create Static Device Nodes in /dev...
[[0;32m  OK  [0m] Mounted FUSE Control File System.
[    5.355943] EXT4-fs (sda1): re-mounted. Opts: (null)
[[0;32m  OK  [0m] Started Remount Root and Kernel File Systems.
         Starting Load/Save Random Seed...
         Starting Flush Journal to Persistent Storage...
         Starting udev Coldplug all Devices...
[[0;32m  OK  [0m] Started Apply Kernel Variables.
[[0;32m  OK  [0m] Started Load/Save Random Seed.
[[0;32m  OK  [0m] Started Flush Journal to Persistent Storage.
[[0;32m  OK  [0m] Started Create Static Device Nodes in /dev.
         Starting udev Kernel Device Manager...
[[0;32m  OK  [0m] Started udev Coldplug all Devices.
[[0;32m  OK  [0m] Started udev Kernel Device Manager.
[[0;32m  OK  [0m] Started Dispatch Password Requests to Console Directory Watch.
[[0;32m  OK  [0m] Started Monitoring of LVM2 mirrors,...ng dmeventd or progress polling.
[[0;32m  OK  [0m] Reached target Local File Systems (Pre).
[[0;32m  OK  [0m] Reached target Local File Systems.
         Starting Initial cloud-init job (pre-networking)...
         Starting Create Volatile Files and Directories...
         Starting Commit a transient machine-id on disk...
         Starting LSB: AppArmor initialization...
         Starting Set console font and keymap...
         Starting Tell Plymouth To Write Out Runtime Data...
[[0;32m  OK  [0m] Started Tell Plymouth To Write Out Runtime Data.
[[0;32m  OK  [0m] Started Create Volatile Files and Directories.
         Starting Update UTMP about System Boot/Shutdown...
[[0;32m  OK  [0m] Started Update UTMP about System Boot/Shutdown.
[[0;32m  OK  [0m] Started Commit a transient machine-id on disk.
[[0;32m  OK  [0m] Found device /dev/ttyS0.
[[0;32m  OK  [0m] Started Set console font and keymap.
[[0;32m  OK  [0m] Created slice system-getty.slice.
[[0;32m  OK  [0m] Listening on Load/Save RF Kill Switch Status /dev/rfkill Watch.
[    7.131276] cloud-init[472]: Cloud-init v. 21.1-19-gbad84ad4-0ubuntu1~16.04.2 running 'init-local' at Tue, 18 Apr 2023 10:59:42 +0000. Up 6.61 seconds.
[[0;32m  OK  [0m] Started LSB: AppArmor initialization.
         Starting Load AppArmor profiles managed internally by snapd...
[[0;32m  OK  [0m] Started Initial cloud-init job (pre-networking).
[[0;32m  OK  [0m] Reached target Network (Pre).
         Starting Raise network interfaces...
[[0;32m  OK  [0m] Started Load AppArmor profiles managed internally by snapd.
[[0;32m  OK  [0m] Started Raise network interfaces.
         Starting Initial cloud-init job (metadata service crawler)...
[[0;32m  OK  [0m] Reached target Network.
[    8.500882] cloud-init[954]: Cloud-init v. 21.1-19-gbad84ad4-0ubuntu1~16.04.2 running 'init' at Tue, 18 Apr 2023 10:59:43 +0000. Up 7.75 seconds.
[    8.502587] cloud-init[954]: ci-info: ++++++++++++++++++++++++++++++++++++++Net device info+++++++++++++++++++++++++++++++++++++++
[    8.503989] cloud-init[954]: ci-info: +--------+-------+----------------------------+---------------+--------+-------------------+
[    8.505540] cloud-init[954]: ci-info: | Device |   Up  |          Address           |      Mask     | Scope  |     Hw-Address    |
[    8.506918] cloud-init[954]: ci-info: +--------+-------+----------------------------+---------------+--------+-------------------+
[    8.509015] cloud-init[954]: ci-info: | enp0s3 |  True |         10.0.2.15          | 255.255.255.0 | global | 02:be:82:6b:cc:1d |
[    8.510597] cloud-init[954]: ci-info: | enp0s3 |  True | fe80::be:82ff:fe6b:cc1d/64 |       .       |  link  | 02:be:82:6b:cc:1d |
[    8.512158] cloud-init[954]: ci-info: | enp0s8 | False |             .              |       .       |   .    | 08:00:27:8a:25:10 |
[    8.514089] cloud-init[954]: ci-info: |   lo   |  True |         127.0.0.1          |   255.0.0.0   |  host  |         .         |
[    8.515737] cloud-init[954]: ci-info: |   lo   |  True |          ::1/128           |       .       |  host  |         .         |
[    8.517068] cloud-init[954]: ci-info: +--------+-------+----------------------------+---------------+--------+-------------------+
[    8.518525] cloud-init[954]: ci-info: +++++++++++++++++++++++++++Route IPv4 info++++++++++++++++++++++++++++
[    8.524568] cloud-init[954]: ci-info: +-------+-------------+----------+---------------+-----------+-------+
[    8.525761] cloud-init[954]: ci-info: | Route | Destination | Gateway  |    Genmask    | Interface | Flags |
[    8.526992] cloud-init[954]: ci-info: +-------+-------------+----------+---------------+-----------+-------+
[    8.528854] cloud-init[954]: ci-info: |   0   |   0.0.0.0   | 10.0.2.2 |    0.0.0.0    |   enp0s3  |   UG  |
[    8.530531] cloud-init[954]: ci-info: |   1   |   10.0.2.0  | 0.0.0.0  | 255.255.255.0 |   enp0s3  |   U   |
[    8.532086] cloud-init[954]: ci-info: +-------+-------------+----------+---------------+-----------+-------+
[    8.534201] cloud-init[954]: ci-info: +++++++++++++++++++Route IPv6 info+++++++++++++++++++
[    8.536416] cloud-init[954]: ci-info: +-------+-------------+---------+-----------+-------+
[    8.537899] cloud-init[954]: ci-info: | Route | Destination | Gateway | Interface | Flags |
[    8.539386] cloud-init[954]: ci-info: +-------+-------------+---------+-----------+-------+
[    8.540766] cloud-init[954]: ci-info: |   0   |  fe80::/64  |    ::   |   enp0s3  |   U   |
[    8.542905] cloud-init[954]: ci-info: |   3   |   ff00::/8  |    ::   |   enp0s3  |   U   |
[    8.544237] cloud-init[954]: ci-info: +-------+-------------+---------+-----------+-------+
[    8.545428] cloud-init[954]: Generating public/private rsa key pair.
[    8.546427] cloud-init[954]: Your identification has been saved in /etc/ssh/ssh_host_rsa_key.
[    8.548636] cloud-init[954]: Your public key has been saved in /etc/ssh/ssh_host_rsa_key.pub.
[    8.557117] cloud-init[954]: The key fingerprint is:
[    8.558322] cloud-init[954]: SHA256:O2xECp4/AI6pXeqMNb9QfHMhJJGsc+jEwiNbNP/zJiY root@ubuntu-xenial
[    8.559755] cloud-init[954]: The key's randomart image is:
[    8.560971] cloud-init[954]: +---[RSA 2048]----+
[    8.562208] cloud-init[954]: |   .oo.          |
[    8.563144] cloud-init[954]: |  o oo           |
[    8.563914] cloud-init[954]: |.o.=. . o        |
[    8.564668] cloud-init[954]: |o*B+oo + .       |
[    8.565569] cloud-init[954]: |+*ooB.+ S        |
[    8.566383] cloud-init[954]: |o..+ +o= .       |
[    8.568308] cloud-init[954]: |. *   oo=        |
[    8.571245] cloud-init[954]: | = +E ooo.       |
[    8.572778] cloud-init[954]: |. o o+ o         |
[    8.581726] cloud-init[954]: +----[SHA256]-----+
[    8.582760] cloud-init[954]: Generating public/private dsa key pair.
[    8.583886] cloud-init[954]: Your identification has been saved in /etc/ssh/ssh_host_dsa_key.
[    8.585152] cloud-init[954]: Your public key has been saved in /etc/ssh/ssh_host_dsa_key.pub.
[    8.592688] cloud-init[954]: The key fingerprint is:
[    8.593514] cloud-init[954]: SHA256:49vMfwk3FYWuvhz76+45UZ0N9KFqPk5wLnoEe4QQTyw root@ubuntu-xenial
[    8.594694] cloud-init[954]: The key's randomart image is:
[    8.595557] cloud-init[954]: +---[DSA 1024]----+
[    8.596381] cloud-init[954]: |     .o.     ..oo|
[    8.597127] cloud-init[954]: |     Eo.      +o.|
[    8.597989] cloud-init[954]: |      o..    o .*|
[    8.599321] cloud-init[954]: |       o .  . ..=|
[    8.600368] cloud-init[954]: |        S. + . o |
[    8.610216] cloud-init[954]: |       o +* o +  |
[    8.611893] cloud-init[954]: |        +. *.o + |
[    8.613439] cloud-init[954]: |        .*+.oo+. |
[    8.620763] [[0;32m  OK  [0m] Started Initial cloud-init job (metadata service crawler).
cloud-init[954]: |       .o +o=BBo |
[    8.621924] [[0;32m  OK  [0m] Reached target Cloud-config availability.
[[0;32m  OK  [0m] Reached target System Initialization.
[[0;32m  OK  [0m] Started Ubuntu Advantage update messaging.
[[0;32m  OK  [0m] Listening on ACPID Listen Socket.
cloud-init[954]: +----[SHA256]-----+         Starting LXD - unix socket.
[[0;32m  OK  [0m] Started Daily Cleanup of Temporary Directories.
[[0;32m  OK  [0m] Listening on UUID daemon activation socket.
         Starting Socket activation for snappy daemon.
[[0;32m  OK  [0m] Listening on D-Bus System Message Bus Socket.
[[0;32m  OK  [0m] Started Daily apt download activities.

[    8.627398] cloud-init[954]: Generating public/private ecdsa key pair.
[[0;32m  OK  [0m] Started ACPI Events Check.
[[0;32m  OK  [0m] Reached target Paths.
[[0;32m  OK  [0m] Started Message of the Day.
[[0;32m  OK  [0m] Started Daily apt upgrade and clean activities.
[    8.633032] cloud-init[954]: Your identification has been saved in /etc/ssh/ssh_host_ecdsa_key.
[    8.633285] cloud-init[954]: Your public key has been saved in /etc/ssh/ssh_host_ecdsa_key.pub.
[    8.634407] cloud-init[954]: The key fingerprint is:
[    8.635127] cloud-init[954]: SHA256:d3Kk/lXUT0wuKe7at/BFiEL5z1IUhxCeHco84G3wQAI root@ubuntu-xenial
[    8.635461] cloud-init[954]: The key's randomart image is:
[    8.636494] cloud-init[954]: +---[ECDSA 256]---+
[    8.636890] cloud-init[954]: |      E...= ooo.o|
[    8.637472] cloud-init[954]: |         o @ +.O.|
[    8.637892] cloud-init[954]: |          + & = *|
[    8.638200] cloud-init[954]: |         . * = =.|
[[0;32m  OK  [0m] Reached target Timers.
[    8.639032] cloud-init[954]: |        S = * o +|
[    8.640328] cloud-init[954]: |         o * + o |
[[    8.640409] cloud-init[954]: |          . + + .|
[    8.640908] cloud-init[954]: |           + =.. |
[0;32m  OK  [0m[    8.641705] cloud-init[954]: |          . o.o. |
[    8.641791] cloud-init[954]: +----[SHA256]-----+
[    8.642283] cloud-init[954]: Generating public/private ed25519 key pair.
[    8.642995] cloud-init[954]: Your identification has been saved in /etc/ssh/ssh_host_ed25519_key.
[    8.643547] cloud-init[954]: Your public key has been saved in /etc/ssh/ssh_host_ed25519_key.pub.
[    8.644442] cloud-init[954]: The key fingerprint is:
[    8.645304] cloud-init[954]: SHA256:y46lKLYI09p/FQLMFg1mdnzhopI9f8Sfk/04BlFbmGs root@ubuntu-xenial
[    8.645499] cloud-init[954]: The key's randomart image is:
[    8.646456] cloud-init[954]: +--[ED25519 256]--+
[    8.646769] cloud-init[954]: |   o*=. ..   o   |
[    8.647370] cloud-init[954]: |   +=.o..   + .  |
[    8.647618] ] cloud-init[954]: |   . ....  . +   |
[    8.648494] cloud-init[954]: |   o ..o. . E    |
[    8.648720] cloud-init[954]: |  o +  .S. o     |
[    8.649428] cloud-init[954]: | . . o o.o.+     |
[    8.649658] cloud-init[954]: |o .   ..= =..    |
[    8.650209] cloud-init[954]: |.=o  ..*   .oo   |
[    8.650491] cloud-init[954]: |o.o+o.o .  ....  |
[    8.650982] cloud-init[954]: +----[SHA256]-----+
Reached target Network is Online.
         Starting iSCSI initiator daemon (iscsid)...
[[0;32m  OK  [0m] Listening on LXD - unix socket.
[[0;32m  OK  [0m] Listening on Socket activation for snappy daemon.
[[0;32m  OK  [0m] Reached target Sockets.
[[0;32m  OK  [0m] Reached target Basic System.
         Starting LSB: MD monitoring daemon...
[[0;32m  OK  [0m] Started D-Bus System Message Bus.
         Starting Pollinate to seed the pseudo random number generator...
         Starting LSB: Record successful boot for GRUB...
         Starting Virtualbox guest utils...
         Starting System Logging Service...
[[0;32m  OK  [0m] Started Deferred execution scheduler.
[[0;32m  OK  [0m] Started FUSE filesystem for LXC.
[[0;32m  OK  [0m] Started Regular background program processing daemon.
         Starting Accounts Service...
         Starting Login Service...
         Starting /etc/rc.local Compatibility...
         Starting Snap Daemon...
[[0;32m  OK  [0m] Started ACPI event daemon.
         Starting LXD - container startup/shutdown...
[[0;32m  OK  [0m] Started /etc/rc.local Compatibility.
[[0;32m  OK  [0m] Started iSCSI initiator daemon (iscsid).
         Starting Login to default iSCSI targets...
[[0;32m  OK  [0m] Started System Logging Service.
[[0;32m  OK  [0m] Started Login Service.
[[0;32m  OK  [0m] Started Unattended Upgrades Shutdown.
[[0;32m  OK  [0m] Started LSB: Record successful boot for GRUB.
[[0;32m  OK  [0m] Started LSB: MD monitoring daemon.
[[0;32m  OK  [0m] Started Login to default iSCSI targets.
[[0;32m  OK  [0m] Reached target Remote File Systems (Pre).
[[0;32m  OK  [0m] Reached target Remote File Systems.
         Starting Permit User Sessions...
         Starting LSB: daemon to balance interrupts for SMP systems...
         Starting LSB: automatic crash report generation...
         Starting LSB: Set the CPU Frequency Scaling governor to "ondemand"...
[[0;32m  OK  [0m] Started Permit User Sessions.
         Starting Authenticate and Authorize Users to Run Privileged Tasks...
         Starting Hold until boot process finishes up...
         Starting Terminate Plymouth Boot Screen...
[[0;32m  OK  [0m] Started Hold until boot process finishes up.
[[0;32m  OK  [0m] Started LSB: Set the CPU Frequency Scaling governor to "ondemand".
[[0;32m  OK  [0m] Started Serial Getty on ttyS0.
         Starting Set console scheme...
[[0;32m  OK  [0m] Started Getty on tty1.
[[0;32m  OK  [0m] Reached target Login Prompts.
[[0;32m  OK  [0m] Started LSB: daemon to balance interrupts for SMP systems.
[[0;32m  OK  [0m] Started Terminate Plymouth Boot Screen.
[[0;32m  OK  [0m] Started Set console scheme.
[[0;32m  OK  [0m] Started Virtualbox guest utils.
[[0;32m  OK  [0m] Started LSB: automatic crash report generation.
[[0;32m  OK  [0m] Started LXD - container startup/shutdown.
[[0;32m  OK  [0m] Started Authenticate and Authorize Users to Run Privileged Tasks.
[[0;32m  OK  [0m] Started Accounts Service.
[[0;32m  OK  [0m] Started Snap Daemon.
         Starting Wait until snapd is fully seeded...
[[0;32m  OK  [0m] Started Pollinate to seed the pseudo random number generator.
         Starting OpenBSD Secure Shell server...
[[0;32m  OK  [0m] Started OpenBSD Secure Shell server.
[[0;32m  OK  [0m] Started Wait until snapd is fully seeded.
         Starting Apply the settings specified in cloud-config...
[[0;32m  OK  [0m] Reached target Multi-User System.
[[0;32m  OK  [0m] Reached target Graphical Interface.
         Starting Update UTMP about System Runlevel Changes...
[[0;32m  OK  [0m] Started Update UTMP about System Runlevel Changes.
[   10.286117] cloud-init[1301]: Generating locales (this might take a while)...
[   11.186100] cloud-init[1301]:   en_US.UTF-8... done
[   11.187309] cloud-init[1301]: Generation complete.
[   11.544289] cloud-init[1301]: Cloud-init v. 21.1-19-gbad84ad4-0ubuntu1~16.04.2 running 'modules:config' at Tue, 18 Apr 2023 10:59:45 +0000. Up 10.16 seconds.
[[0;32m  OK  [0m] Started Apply the settings specified in cloud-config.
         Starting Execute cloud user/final scripts...
ci-info: no authorized SSH keys fingerprints found for user ubuntu.
<14>Apr 18 10:59:47 ec2: 
<14>Apr 18 10:59:47 ec2: #############################################################
<14>Apr 18 10:59:47 ec2: -----BEGIN SSH HOST KEY FINGERPRINTS-----
<14>Apr 18 10:59:47 ec2: 1024 SHA256:49vMfwk3FYWuvhz76+45UZ0N9KFqPk5wLnoEe4QQTyw root@ubuntu-xenial (DSA)
<14>Apr 18 10:59:47 ec2: 256 SHA256:d3Kk/lXUT0wuKe7at/BFiEL5z1IUhxCeHco84G3wQAI root@ubuntu-xenial (ECDSA)
<14>Apr 18 10:59:47 ec2: 256 SHA256:y46lKLYI09p/FQLMFg1mdnzhopI9f8Sfk/04BlFbmGs root@ubuntu-xenial (ED25519)
<14>Apr 18 10:59:47 ec2: 2048 SHA256:O2xECp4/AI6pXeqMNb9QfHMhJJGsc+jEwiNbNP/zJiY root@ubuntu-xenial (RSA)
<14>Apr 18 10:59:47 ec2: -----END SSH HOST KEY FINGERPRINTS-----
<14>Apr 18 10:59:47 ec2: #############################################################
-----BEGIN SSH HOST KEY KEYS-----
ecdsa-sha2-nistp256 AAAAE2VjZHNhLXNoYTItbmlzdHAyNTYAAAAIbmlzdHAyNTYAAABBBOD+fEulQnwlmpv3lbjhEO06GGGS6KLVn5HqFcg84PxOJ/F3nEuJ2Z4m3ssq+Ch1Eyu4VCtoZibFRWuE4u0J2pw= root@ubuntu-xenial
ssh-ed25519 AAAAC3NzaC1lZDI1NTE5AAAAIEliuZkOTv7O/YrQ7pRw3j68+4PW16IQpM05d4M2NGPJ root@ubuntu-xenial
ssh-rsa AAAAB3NzaC1yc2EAAAADAQABAAABAQDihtoMBH+IWQaOquTHU/4lxRd65zozRBHJY+hvJKCe1SKCLFa/+vVFyCCginUxEufDG1MwIUi8b7VxdwdkwAGOeAw9D7KD7Uy3hJNdzGIYQzpnbZ9VXwylVWLm6D/BPKFHQkg+O8ECurul/cKO6r6HHKpto0FH+AdG+QLZ3ivntrn7RQkZ49H0U/wzszwXRBVLMTewdQaCnCshwA92eJLXBT2EPsnk25IEVtHnUiVWiYyCyITDp4VJmpvVa/YdYS23OO1txfjC+pPnBYq/lFTxmnoPpZTUOLMqJwAsupGABMO0SG44yPYbQt5WaGaxdFbGc63SuWLrpsGjufAwKuJ9 root@ubuntu-xenial
-----END SSH HOST KEY KEYS-----
[   12.064743] cloud-init[1344]: Cloud-init v. 21.1-19-gbad84ad4-0ubuntu1~16.04.2 running 'modules:final' at Tue, 18 Apr 2023 10:59:47 +0000. Up 11.90 seconds.
[   12.066581] cloud-init[1344]: ci-info: no authorized SSH keys fingerprints found for user ubuntu.
[   12.072538] cloud-init[1344]: Cloud-init v. 21.1-19-gbad84ad4-0ubuntu1~16.04.2 finished at Tue, 18 Apr 2023 10:59:47 +0000. Datasource DataSourceNoCloud [seed=/dev/sdb][dsmode=net].  Up 12.05 seconds
[[0;32m  OK  [0m] Started Execute cloud user/final scripts.
[[0;32m  OK  [0m] Reached target Cloud-init target.

Ubuntu 16.04.7 LTS ubuntu-xenial ttyS0

ubuntu-xenial login: 